Copyright 1986-2017 Xilinx, Inc. All Rights Reserved.
-----------------------------------------------------------------------------------------
| Tool Version : Vivado v.2017.2 (win64) Build 1909853 Thu Jun 15 18:39:09 MDT 2017
| Date         : Thu Dec 26 21:30:07 2019
| Host         : LAPTOP-ATT53B95 running 64-bit major release  (build 9200)
| Command      : report_control_sets -verbose -file i2s_playback_control_sets_placed.rpt
| Design       : i2s_playback
| Device       : xc7a100t
-----------------------------------------------------------------------------------------

Control Set Information

Table of Contents
-----------------
1. Summary
2. Flip-Flop Distribution
3. Detailed Control Set Information

1. Summary
----------

+----------------------------------------------------------+-------+
|                          Status                          | Count |
+----------------------------------------------------------+-------+
| Number of unique control sets                            |    40 |
| Unused register locations in slices containing registers |    77 |
+----------------------------------------------------------+-------+


2. Flip-Flop Distribution
-------------------------

+--------------+-----------------------+------------------------+-----------------+--------------+
| Clock Enable | Synchronous Set/Reset | Asynchronous Set/Reset | Total Registers | Total Slices |
+--------------+-----------------------+------------------------+-----------------+--------------+
| No           | No                    | No                     |              35 |           18 |
| No           | No                    | Yes                    |             121 |           44 |
| No           | Yes                   | No                     |              40 |           12 |
| Yes          | No                    | No                     |             422 |          341 |
| Yes          | No                    | Yes                    |           33070 |         6621 |
| Yes          | Yes                   | No                     |             603 |          153 |
+--------------+-----------------------+------------------------+-----------------+--------------+


3. Detailed Control Set Information
-----------------------------------

+--------------------------+---------------------------------------------------------------------------------------------------+---------------------------------------------------------------------------------------------------+------------------+----------------+
|       Clock Signal       |                                           Enable Signal                                           |                                          Set/Reset Signal                                         | Slice Load Count | Bel Load Count |
+--------------------------+---------------------------------------------------------------------------------------------------+---------------------------------------------------------------------------------------------------+------------------+----------------+
|  i2s_clock/inst/clk_out1 | unit_i2s/l_out_next[31]                                                                           | reset_n_IBUF_BUFG                                                                                 |                1 |              1 |
|  clock_IBUF              |                                                                                                   |                                                                                                   |                1 |              3 |
|  i2s_clock/inst/clk_out1 | unit_digital_efects/Unit_EfectBANKFILTER/Unit_FIR_Filter_bankfilter_R/U1/cuenta_reg[3]_i_2_n_0    | unit_digital_efects/Unit_EfectBANKFILTER/Unit_FIR_Filter_bankfilter_R/U1/cuenta_reg[3]_i_1__0_n_0 |                1 |              4 |
|  i2s_clock/inst/clk_out1 | unit_digital_efects/Unit_EfectBANKFILTER/Unit_FIR_Filter_bankfilter_L/U1/cuenta_reg[3]_i_2__0_n_0 | unit_digital_efects/Unit_EfectBANKFILTER/Unit_FIR_Filter_bankfilter_L/U1/cuenta_reg[3]_i_1_n_0    |                2 |              4 |
|  i2s_clock/inst/clk_out1 | unit_digital_efects/Unit_EfectCHORUS/Unit_sine_wave_chorus/table_index                            | reset_n_IBUF_BUFG                                                                                 |                3 |              7 |
|  i2s_clock/inst/clk_out1 | unit_digital_efects/Unit_EfectVIBRATO/Unit_sine_wave/table_index                                  | reset_n_IBUF_BUFG                                                                                 |                3 |              7 |
|  i2s_clock/inst/clk_out1 |                                                                                                   | unit_digital_efects/Unit_EfectLOOPER/dina_reg[7]_i_1_n_0                                          |                4 |              8 |
|  i2s_clock/inst/clk_out1 | unit_digital_efects/Unit_EfectCOMPRESSOR/l_data_out_aux                                           | reset_n_IBUF_BUFG                                                                                 |                6 |             16 |
|  i2s_clock/inst/clk_out1 | unit_digital_efects/Unit_EfectCOMPRESSOR/r_data_out_aux                                           | reset_n_IBUF_BUFG                                                                                 |                6 |             16 |
|  i2s_clock/inst/clk_out1 | unit_digital_efects/Unit_EfectOVERDRIVE/l_data_out_aux                                            | reset_n_IBUF_BUFG                                                                                 |                5 |             16 |
|  i2s_clock/inst/clk_out1 | unit_digital_efects/Unit_EfectOVERDRIVE/r_data_out_aux                                            | reset_n_IBUF_BUFG                                                                                 |                7 |             16 |
|  i2s_clock/inst/clk_out1 | unit_i2s/l_out_next[30]                                                                           | reset_n_IBUF_BUFG                                                                                 |                7 |             16 |
|  i2s_clock/inst/clk_out1 | unit_i2s/r_out_next[30]                                                                           | reset_n_IBUF_BUFG                                                                                 |                8 |             16 |
|  i2s_clock/inst/clk_out1 | unit_digital_efects/Unit_EfectLOOPER/addra_reg[18]_i_1_n_0                                        |                                                                                                   |                7 |             19 |
|  i2s_clock/inst/clk_out1 | unit_i2s/addra_max_reg_reg[0]                                                                     | reset_n_IBUF_BUFG                                                                                 |                6 |             19 |
|  clock_IBUF              |                                                                                                   | reset_n_IBUF_BUFG                                                                                 |                6 |             20 |
|  i2s_clock/inst/clk_out1 | unit_i2s/r_in_next                                                                                | reset_n_IBUF_BUFG                                                                                 |               13 |             31 |
|  i2s_clock/inst/clk_out1 | unit_i2s/l_in_next                                                                                | reset_n_IBUF_BUFG                                                                                 |               12 |             31 |
|  i2s_clock/inst/clk_out1 | unit_digital_efects/Unit_EfectBANKFILTER/Unit_FIR_Filter_bankfilter_L/U1/E[0]                     | reset_n_IBUF_BUFG                                                                                 |               11 |             32 |
|  i2s_clock/inst/clk_out1 | unit_i2s/enable_in_COMPRESSOR6_out                                                                | reset_n_IBUF_BUFG                                                                                 |               13 |             32 |
|  i2s_clock/inst/clk_out1 |                                                                                                   |                                                                                                   |               17 |             32 |
|  i2s_clock/inst/clk_out1 | unit_i2s/enable_in_OVERDRIVE18_out                                                                | reset_n_IBUF_BUFG                                                                                 |                9 |             32 |
|  i2s_clock/inst/clk_out1 | unit_i2s/l_data_in_next_reg[15]                                                                   | unit_i2s/l_data_in_next_reg[15]_1                                                                 |               13 |             32 |
|  i2s_clock/inst/clk_out1 | unit_i2s/l_data_in_next_reg[15]_0                                                                 | unit_i2s/l_data_in_next_reg[15]_2                                                                 |                7 |             32 |
|  i2s_clock/inst/clk_out1 | unit_i2s/r_data_out_reg[0][0]                                                                     | reset_n_IBUF_BUFG                                                                                 |               14 |             32 |
|  i2s_clock/inst/clk_out1 | unit_i2s/E[0]                                                                                     | reset_n_IBUF_BUFG                                                                                 |               16 |             32 |
|  i2s_clock/inst/clk_out1 |                                                                                                   | reset_n_IBUF_BUFG                                                                                 |               46 |            133 |
|  i2s_clock/inst/clk_out1 | unit_i2s/enable_in_VIBRATO                                                                        |                                                                                                   |               66 |            210 |
|  i2s_clock/inst/clk_out1 | unit_i2s/dato_out_reg[0][0]                                                                       | reset_n_IBUF_BUFG                                                                                 |              124 |            512 |
|  i2s_clock/inst/clk_out1 | unit_i2s/enable_in_REVERB                                                                         | reset_n_IBUF_BUFG                                                                                 |              120 |            593 |
|  i2s_clock/inst/clk_out1 | unit_i2s/enable_in_CHORUS                                                                         |                                                                                                   |              168 |            596 |
|  i2s_clock/inst/clk_out1 | unit_i2s/enable_in_REVERB_PARAMETRIZADO                                                           | reset_n_IBUF_BUFG                                                                                 |              222 |            846 |
|  i2s_clock/inst/clk_out1 | unit_i2s/enable_in_REVERB                                                                         |                                                                                                   |              310 |           1054 |
|  i2s_clock/inst/clk_out1 | unit_i2s/enable_in_REVERB_PARAMETRIZADO                                                           |                                                                                                   |              945 |           3213 |
|  i2s_clock/inst/clk_out1 | unit_i2s/enable_in_DELAY15_out                                                                    |                                                                                                   |              958 |           3780 |
|  i2s_clock/inst/clk_out1 | unit_i2s/enable_in_DELAY15_out                                                                    | reset_n_IBUF_BUFG                                                                                 |              652 |           4061 |
|  i2s_clock/inst/clk_out1 | unit_i2s/enable_in_ECO                                                                            | reset_n_IBUF_BUFG                                                                                 |              820 |           5093 |
|  i2s_clock/inst/clk_out1 | unit_i2s/enable_in_VIBRATO                                                                        | reset_n_IBUF_BUFG                                                                                 |             1810 |           9491 |
|  i2s_clock/inst/clk_out1 | unit_i2s/enable_in_ECO                                                                            |                                                                                                   |             2470 |           9796 |
|  i2s_clock/inst/clk_out1 | unit_i2s/enable_in_CHORUS                                                                         | reset_n_IBUF_BUFG                                                                                 |             2863 |          12653 |
+--------------------------+---------------------------------------------------------------------------------------------------+---------------------------------------------------------------------------------------------------+------------------+----------------+


+--------+-----------------------+
| Fanout | Number of ControlSets |
+--------+-----------------------+
| 1      |                     1 |
| 3      |                     1 |
| 4      |                     2 |
| 7      |                     2 |
| 8      |                     1 |
| 16+    |                    33 |
+--------+-----------------------+


