#-----------------------------------------------------------
# Vivado v2017.2 (64-bit)
# SW Build 1909853 on Thu Jun 15 18:39:09 MDT 2017
# IP Build 1909766 on Thu Jun 15 19:58:00 MDT 2017
# Start of session at: Thu Oct 24 18:19:50 2019
# Process ID: 5684
# Current directory: C:/Vivado/i2s_playback
# Command line: vivado.exe -gui_launcher_event rodinguilauncherevent1124 C:\Vivado\i2s_playback\i2s_playback.xpr
# Log file: C:/Vivado/i2s_playback/vivado.log
# Journal file: C:/Vivado/i2s_playback\vivado.jou
#-----------------------------------------------------------
start_gui
open_project C:/Vivado/i2s_playback/i2s_playback.xpr
update_compile_order -fileset sources_1
update_compile_order -fileset sources_1
update_compile_order -fileset sources_1
update_compile_order -fileset sources_1
update_compile_order -fileset sources_1
launch_simulation
source tb_randomEfect.tcl
restart
run all
close_sim
reset_run synth_1
launch_runs impl_1 -to_step write_bitstream -jobs 4
wait_on_run impl_1
reset_run synth_1
launch_runs synth_1 -jobs 4
wait_on_run synth_1
reset_run synth_1
launch_runs impl_1 -to_step write_bitstream -jobs 4
wait_on_run impl_1
open_hw
connect_hw_server
open_hw_target
set_property PROGRAM.FILE {C:/Vivado/i2s_playback/i2s_playback.runs/impl_1/i2s_playback.bit} [get_hw_devices xc7a100t_0]
current_hw_device [get_hw_devices xc7a100t_0]
refresh_hw_device -update_hw_probes false [lindex [get_hw_devices xc7a100t_0] 0]
set_property PROBES.FILE {} [get_hw_devices xc7a100t_0]
set_property FULL_PROBES.FILE {} [get_hw_devices xc7a100t_0]
set_property PROGRAM.FILE {C:/Vivado/i2s_playback/i2s_playback.runs/impl_1/i2s_playback.bit} [get_hw_devices xc7a100t_0]
program_hw_devices [get_hw_devices xc7a100t_0]
refresh_hw_device [lindex [get_hw_devices xc7a100t_0] 0]
close_hw
close [ open C:/Vivado/i2s_playback/i2s_playback.srcs/sources_1/new/EfectoREVERB.vhd w ]
add_files C:/Vivado/i2s_playback/i2s_playback.srcs/sources_1/new/EfectoREVERB.vhd
update_compile_order -fileset sources_1
update_compile_order -fileset sources_1
reset_run synth_1
launch_runs impl_1 -to_step write_bitstream -jobs 4
wait_on_run impl_1
open_hw
connect_hw_server
open_hw_target
set_property PROGRAM.FILE {C:/Vivado/i2s_playback/i2s_playback.runs/impl_1/i2s_playback.bit} [get_hw_devices xc7a100t_0]
current_hw_device [get_hw_devices xc7a100t_0]
refresh_hw_device -update_hw_probes false [lindex [get_hw_devices xc7a100t_0] 0]
set_property PROBES.FILE {} [get_hw_devices xc7a100t_0]
set_property FULL_PROBES.FILE {} [get_hw_devices xc7a100t_0]
set_property PROGRAM.FILE {C:/Vivado/i2s_playback/i2s_playback.runs/impl_1/i2s_playback.bit} [get_hw_devices xc7a100t_0]
program_hw_devices [get_hw_devices xc7a100t_0]
refresh_hw_device [lindex [get_hw_devices xc7a100t_0] 0]
close_hw
reset_run synth_1
launch_runs impl_1 -to_step write_bitstream -jobs 4
wait_on_run impl_1
open_hw
connect_hw_server
open_hw_target
set_property PROGRAM.FILE {C:/Vivado/i2s_playback/i2s_playback.runs/impl_1/i2s_playback.bit} [get_hw_devices xc7a100t_0]
current_hw_device [get_hw_devices xc7a100t_0]
refresh_hw_device -update_hw_probes false [lindex [get_hw_devices xc7a100t_0] 0]
set_property PROBES.FILE {} [get_hw_devices xc7a100t_0]
set_property FULL_PROBES.FILE {} [get_hw_devices xc7a100t_0]
set_property PROGRAM.FILE {C:/Vivado/i2s_playback/i2s_playback.runs/impl_1/i2s_playback.bit} [get_hw_devices xc7a100t_0]
program_hw_devices [get_hw_devices xc7a100t_0]
refresh_hw_device [lindex [get_hw_devices xc7a100t_0] 0]
close_hw
launch_simulation
source tb_randomEfect.tcl
restart
relaunch_sim
restart
run all
restart
run all
relaunch_sim
restart
run all
relaunch_sim
restart
run all
relaunch_sim
relaunch_sim
relaunch_sim
restart
relaunch_sim
relaunch_sim
relaunch_sim
relaunch_sim
restart
run 10 us
relaunch_sim
relaunch_sim
relaunch_sim
relaunch_sim
relaunch_sim
restart
run all
relaunch_sim
relaunch_sim
relaunch_sim
restart
run all
relaunch_sim
restart
run all
relaunch_sim
restart
run all
relaunch_sim
restart
run all
relaunch_sim
relaunch_sim
restart
run all
close_sim
